
> car-diagnosis-sim@0.1.1 test
> node scripts/run-tests.js --no-coverage

[JEST CONFIG LOADED]
PASS tests/rala-rights-validator.spec.js (8.806 s)
  ● Console

    console.log
      Per-test retries disabled (CI_PER_TEST_RETRIES not set or 0).

      at Object.log (scripts/jest-setup-retries.js:19:11)

PASS tests/rala-pilot-ingestion.spec.js
  ● Console

    console.log
      Per-test retries disabled (CI_PER_TEST_RETRIES not set or 0).

      at Object.log (scripts/jest-setup-retries.js:19:11)

PASS tests/unit/worker.retry.spec.js
  ● Console

    console.log
      Per-test retries disabled (CI_PER_TEST_RETRIES not set or 0).

      at Object.log (scripts/jest-setup-retries.js:19:11)

PASS tests/session-history-ui.spec.js
  ● Console

    console.log
      Per-test retries disabled (CI_PER_TEST_RETRIES not set or 0).

      at Object.log (scripts/jest-setup-retries.js:19:11)

PASS tests/chunker.spec.js
  ● Console

    console.log
      Per-test retries disabled (CI_PER_TEST_RETRIES not set or 0).

      at Object.log (scripts/jest-setup-retries.js:19:11)

PASS tests/authoring-studio.spec.js
  ● Console

    console.log
      Per-test retries disabled (CI_PER_TEST_RETRIES not set or 0).

      at Object.log (scripts/jest-setup-retries.js:19:11)

PASS tests/telemetry/supabaseAdapter.spec.js
  ● Console

    console.log
      Per-test retries disabled (CI_PER_TEST_RETRIES not set or 0).

      at Object.log (scripts/jest-setup-retries.js:19:11)

PASS tests/live-session-ui.test.js
  ● Console

    console.log
      Per-test retries disabled (CI_PER_TEST_RETRIES not set or 0).

      at Object.log (scripts/jest-setup-retries.js:19:11)

    console.log
      Live session UI tests passed.

      at log (tests/live-session-ui.test.js:76:11)

PASS tests/student-filters.spec.js
  ● Console

    console.log
      Per-test retries disabled (CI_PER_TEST_RETRIES not set or 0).

      at Object.log (scripts/jest-setup-retries.js:19:11)

PASS tests/supabase-auth-config.test.js
  ● Console

    console.log
      Per-test retries disabled (CI_PER_TEST_RETRIES not set or 0).

      at Object.log (scripts/jest-setup-retries.js:19:11)

    console.log
      ◇ injected env (0) from .env // tip: ⌘ suppress logs { quiet: true }

      at _log (node_modules/dotenv/lib/main.js:131:11)

    console.warn
      Supabase not configured — set SUPABASE_URL and SUPABASE_ANON_KEY

      89 |   app.set('supabaseConfigured', true);
      90 | } else {
    > 91 |   console.warn('Supabase not configured — set SUPABASE_URL and SUPABASE_ANON_KEY');
         |           ^
      92 |   app.set('supabaseConfigured', false);
      93 | }
      94 |

      at Object.warn (torquemind-api/index.js:91:11)
      at Object.require (tests/supabase-auth-config.test.js:29:17)

    console.log
      Supabase auth config tests passed.

      at log (tests/supabase-auth-config.test.js:92:11)

PASS tests/telemetry/adapter_ingest.spec.js
  ● Console

    console.log
      Per-test retries disabled (CI_PER_TEST_RETRIES not set or 0).

      at Object.log (scripts/jest-setup-retries.js:19:11)

PASS tests/supabase-route.test.js
  ● Console

    console.log
      Per-test retries disabled (CI_PER_TEST_RETRIES not set or 0).

      at Object.log (scripts/jest-setup-retries.js:19:11)

    console.log
      ◇ injected env (0) from .env // tip: ⌘ suppress logs { quiet: true }

      at _log (node_modules/dotenv/lib/main.js:131:11)

    console.log
      Supabase route integration tests passed.

      at log (tests/supabase-route.test.js:90:11)

PASS tests/assessment-training-boundary.spec.js
  ● Console

    console.log
      Per-test retries disabled (CI_PER_TEST_RETRIES not set or 0).

      at Object.log (scripts/jest-setup-retries.js:19:11)

PASS tests/telemetry-export.spec.js
  ● Console

    console.log
      Per-test retries disabled (CI_PER_TEST_RETRIES not set or 0).

      at Object.log (scripts/jest-setup-retries.js:19:11)

normalized: 21
placeholder used: 0
missing: 0
report: F:\TorqueMind-deploy\scripts\normalized-assets-report.json
PASS tests/scenario-asset-normalizer.spec.js
  ● Console

    console.log
      Per-test retries disabled (CI_PER_TEST_RETRIES not set or 0).

      at Object.log (scripts/jest-setup-retries.js:19:11)

PASS tests/worker-torquemind-feedback.test.js
  ● Console

    console.log
      Per-test retries disabled (CI_PER_TEST_RETRIES not set or 0).

      at Object.log (scripts/jest-setup-retries.js:19:11)

    console.log
      {"event":"torquemind.feedback.started","requestId":null,"method":"POST","route":"/api/torquemind-feedback","provider":"ollama","model":"unknown","providerHost":"127.0.0.1"}

      at log (worker/utils/logger.js:9:13)

    console.log
      {"event":"torquemind.feedback.completed","requestId":null,"method":"POST","route":"/api/torquemind-feedback","status":200,"durationMs":0,"provider":"ollama","model":"unknown","providerHost":"127.0.0.1"}

      at log (worker/utils/logger.js:9:13)

    console.log
      {"event":"torquemind.feedback.started","requestId":null,"method":"POST","route":"/api/torquemind-feedback","provider":"openai","model":"unknown","providerHost":"127.0.0.1"}

      at log (worker/utils/logger.js:9:13)

    console.log
      {"event":"torquemind.feedback.started","requestId":null,"method":"POST","route":"/api/torquemind-feedback","provider":"ollama","model":"unknown","providerHost":"127.0.0.1"}

      at log (worker/utils/logger.js:9:13)

    console.log
      {"event":"torquemind.feedback.started","requestId":null,"method":"POST","route":"/api/torquemind-feedback","provider":"ollama","model":"unknown","providerHost":"127.0.0.1"}

      at log (worker/utils/logger.js:9:13)

    console.log
      {"event":"torquemind.feedback.completed","requestId":null,"method":"POST","route":"/api/torquemind-feedback","status":200,"durationMs":0,"provider":"ollama","model":"unknown","providerHost":"127.0.0.1"}

      at log (worker/utils/logger.js:9:13)

    console.log
      {"event":"torquemind.feedback.started","requestId":null,"method":"POST","route":"/api/torquemind-feedback","provider":"ollama","model":"unknown","providerHost":"127.0.0.1"}

      at log (worker/utils/logger.js:9:13)

    console.log
      {"event":"torquemind.feedback.failed","requestId":null,"status":504,"errorType":"timeout","provider":"ollama","model":"unknown","providerHost":"127.0.0.1"}

      at log (worker/utils/logger.js:9:13)

PASS tests/scenario-attempt-lifecycle.spec.js
  ● Console

    console.log
      Per-test retries disabled (CI_PER_TEST_RETRIES not set or 0).

      at Object.log (scripts/jest-setup-retries.js:19:11)

PASS tests/telemetry-stream.spec.js
  ● Console

    console.log
      Per-test retries disabled (CI_PER_TEST_RETRIES not set or 0).

      at Object.log (scripts/jest-setup-retries.js:19:11)

PASS tests/student-progress.spec.js
  ● Console

    console.log
      Per-test retries disabled (CI_PER_TEST_RETRIES not set or 0).

      at Object.log (scripts/jest-setup-retries.js:19:11)

PASS tests/analytics-routes.test.js
  ● Console

    console.log
      Per-test retries disabled (CI_PER_TEST_RETRIES not set or 0).

      at Object.log (scripts/jest-setup-retries.js:19:11)

    console.debug
      [loadReport sessions] fs keys: [
        'appendFile',        'appendFileSync', 'access',
        'accessSync',        'chown',          'chownSync',
        'chmod',             'chmodSync',      'close',
        'closeSync',         'copyFile',       'copyFileSync',
        'cp',                'cpSync',         'createReadStream',
        'createWriteStream', 'exists',         'existsSync',
        'fchown',            'fchownSync',     'fchmod',
        'fchmodSync',        'fdatasync',      'fdatasyncSync',
        'fstat',             'fstatSync',      'fsync',
        'fsyncSync',         'ftruncate',      'ftruncateSync',
        'futimes',           'futimesSync',    'glob',
        'globSync',          'lchown',         'lchownSync',
        'lchmod',            'lchmodSync',     'link',
        'linkSync',          'lstat',          'lstatSync',
        'lutimes',           'lutimesSync',    'mkdir',
        'mkdirSync',         'mkdtemp',        'mkdtempSync',
        'open',              'openSync',       'openAsBlob',
        'readdir',           'readdirSync',    'read',
        'readSync',          'readv',          'readvSync',
        'readFile',          'readFileSync',   'readlink',
        'readlinkSync',      'realpath',       'realpathSync',
        'rename',            'renameSync',     'rm',
        'rmSync',            'rmdir',          'rmdirSync',
        'stat',              'statfs',         'statSync',
        'statfsSync',        'symlink',        'symlinkSync',
        'truncate',          'truncateSync',   'unwatchFile',
        'unlink',            'unlinkSync',     'utimes',
        'utimesSync',        'watch',          'watchFile',
        'writeFile',         'writeFileSync',  'write',
        'writeSync',         'writev',         'writevSync',
        'Dirent',            'Stats',          'ReadStream',
        'WriteStream',       'FileReadStream', 'FileWriteStream',
        '_toUnixTimestamp',  'Dir',            'opendir',
        'opendirSync',
        ... 6 more items
      ]

      at debug (api/analytics/sessions.js:8:15)

    console.debug
      [loadReport sessions] existsSync: false path: F:\TorqueMind-deploy\api\analytics\analytics-report.json

      at debug (api/analytics/sessions.js:12:13)

    console.log
      Analytics routes integration tests passed.

      at log (tests/analytics-routes.test.js:33:11)

PASS tests/telemetry-history.spec.js
  ● Console

    console.log
      Per-test retries disabled (CI_PER_TEST_RETRIES not set or 0).

      at Object.log (scripts/jest-setup-retries.js:19:11)

PASS tests/hybrid-retrieval.spec.js
  ● Console

    console.log
      Per-test retries disabled (CI_PER_TEST_RETRIES not set or 0).

      at Object.log (scripts/jest-setup-retries.js:19:11)

PASS tests/hero.spec.js
  ● Console

    console.log
      Per-test retries disabled (CI_PER_TEST_RETRIES not set or 0).

      at Object.log (scripts/jest-setup-retries.js:19:11)

PASS tests/scenario-loader.spec.js
  ● Console

    console.log
      Per-test retries disabled (CI_PER_TEST_RETRIES not set or 0).

      at Object.log (scripts/jest-setup-retries.js:19:11)

    console.debug
      [scenario-loader] start — "demo-default"

      at debug (js/scenario-loader.js:195:11)

    console.debug
      [scenario-loader] success — "demo-default"

      at debug (js/scenario-loader.js:195:11)

    console.debug
      [scenario-loader] start — "demo-default"

      at debug (js/scenario-loader.js:195:11)

    console.debug
      [scenario-loader] success — "demo-default"

      at debug (js/scenario-loader.js:195:11)

    console.debug
      [scenario-loader] start — "startup"

      at debug (js/scenario-loader.js:195:11)

    console.debug
      [scenario-loader] success — "startup"

      at debug (js/scenario-loader.js:195:11)

    console.debug
      [scenario-loader] start — "startup"

      at debug (js/scenario-loader.js:195:11)

    console.debug
      [scenario-loader] success — "startup"

      at debug (js/scenario-loader.js:195:11)

    console.debug
      [scenario-loader] start — "nonexistent"

      at debug (js/scenario-loader.js:195:11)

    console.debug
      [scenario-loader] success — "demo-default"

      at debug (js/scenario-loader.js:195:11)

    console.debug
      [scenario-loader] start — "nonexistent"

      at debug (js/scenario-loader.js:195:11)

    console.debug
      [scenario-loader] start — "demo-default"

      at debug (js/scenario-loader.js:195:11)

    console.debug
      [scenario-loader] start — "demo-default"

      at debug (js/scenario-loader.js:195:11)

    console.debug
      [scenario-loader] start — "demo-default"

      at debug (js/scenario-loader.js:195:11)

    console.debug
      [scenario-loader] start — "demo-default"

      at debug (js/scenario-loader.js:195:11)

    console.debug
      [scenario-loader] success — "demo-default"

      at debug (js/scenario-loader.js:195:11)

    console.debug
      [scenario-loader] start — "demo-default"

      at debug (js/scenario-loader.js:195:11)

    console.debug
      [scenario-loader] success — "demo-default"

      at debug (js/scenario-loader.js:195:11)

    console.debug
      [scenario-loader] start — "demo-default"

      at debug (js/scenario-loader.js:195:11)

    console.debug
      [scenario-loader] success — "demo-default"

      at debug (js/scenario-loader.js:195:11)

    console.debug
      [scenario-loader] start — "demo-default"

      at debug (js/scenario-loader.js:195:11)

    console.debug
      [scenario-loader] success — "demo-default"

      at debug (js/scenario-loader.js:195:11)

    console.debug
      [scenario-loader] start — "startup"

      at debug (js/scenario-loader.js:195:11)

    console.debug
      [scenario-loader] success — "startup"

      at debug (js/scenario-loader.js:195:11)

    console.debug
      [scenario-loader] start — "demo-default"

      at debug (js/scenario-loader.js:195:11)

    console.debug
      [scenario-loader] success — "demo-default"

      at debug (js/scenario-loader.js:195:11)

PASS tests/attempts-api.spec.js
  ● Console

    console.log
      Per-test retries disabled (CI_PER_TEST_RETRIES not set or 0).

      at Object.log (scripts/jest-setup-retries.js:19:11)

PASS tests/analytics/fs-mock-ordering.spec.js
  ● Console

    console.log
      Per-test retries disabled (CI_PER_TEST_RETRIES not set or 0).

      at Object.log (scripts/jest-setup-retries.js:19:11)

    console.debug
      [loadReport sessions] fs keys: [
        'appendFile',        'appendFileSync', 'access',
        'accessSync',        'chown',          'chownSync',
        'chmod',             'chmodSync',      'close',
        'closeSync',         'copyFile',       'copyFileSync',
        'cp',                'cpSync',         'createReadStream',
        'createWriteStream', 'exists',         'existsSync',
        'fchown',            'fchownSync',     'fchmod',
        'fchmodSync',        'fdatasync',      'fdatasyncSync',
        'fstat',             'fstatSync',      'fsync',
        'fsyncSync',         'ftruncate',      'ftruncateSync',
        'futimes',           'futimesSync',    'glob',
        'globSync',          'lchown',         'lchownSync',
        'lchmod',            'lchmodSync',     'link',
        'linkSync',          'lstat',          'lstatSync',
        'lutimes',           'lutimesSync',    'mkdir',
        'mkdirSync',         'mkdtemp',        'mkdtempSync',
        'open',              'openSync',       'openAsBlob',
        'readdir',           'readdirSync',    'read',
        'readSync',          'readv',          'readvSync',
        'readFile',          'readFileSync',   'readlink',
        'readlinkSync',      'realpath',       'realpathSync',
        'rename',            'renameSync',     'rm',
        'rmSync',            'rmdir',          'rmdirSync',
        'stat',              'statfs',         'statSync',
        'statfsSync',        'symlink',        'symlinkSync',
        'truncate',          'truncateSync',   'unwatchFile',
        'unlink',            'unlinkSync',     'utimes',
        'utimesSync',        'watch',          'watchFile',
        'writeFile',         'writeFileSync',  'write',
        'writeSync',         'writev',         'writevSync',
        'Dirent',            'Stats',          '_toUnixTimestamp',
        'Dir',               'opendir',        'opendirSync',
        'F_OK',              'R_OK',           'W_OK',
        'X_OK',
        ... 1 more item
      ]

      at debug (api/analytics/sessions.js:8:15)

    console.debug
      [loadReport sessions] existsSync: true path: F:\TorqueMind-deploy\api\analytics\analytics-report.json

      at debug (api/analytics/sessions.js:12:13)

    console.debug
      [loadReport sessions] readFileSync type: string

      at debug (api/analytics/sessions.js:15:13)

    console.debug
      [loadReport sessions] fs keys: [ 'existsSync', 'readFileSync' ]

      at debug (api/analytics/sessions.js:8:15)

    console.debug
      [loadReport sessions] existsSync: true path: F:\TorqueMind-deploy\api\analytics\analytics-report.json

      at debug (api/analytics/sessions.js:12:13)

    console.debug
      [loadReport sessions] readFileSync type: string

      at debug (api/analytics/sessions.js:15:13)

    console.debug
      [loadReport sessions] fs keys: [ 'existsSync', 'readFileSync' ]

      at debug (api/analytics/sessions.js:8:15)

    console.debug
      [loadReport sessions] existsSync: true path: F:\TorqueMind-deploy\api\analytics\analytics-report.json

      at debug (api/analytics/sessions.js:12:13)

    console.debug
      [loadReport sessions] readFileSync type: string

      at debug (api/analytics/sessions.js:15:13)

PASS tests/student-dashboard-keyboard.spec.js
  ● Console

    console.log
      Per-test retries disabled (CI_PER_TEST_RETRIES not set or 0).

      at Object.log (scripts/jest-setup-retries.js:19:11)

PASS tests/app-version-header.spec.js
  ● Console

    console.log
      Per-test retries disabled (CI_PER_TEST_RETRIES not set or 0).

      at Object.log (scripts/jest-setup-retries.js:19:11)

    console.debug
      [loadReport sessions] fs keys: [
        'appendFile',        'appendFileSync', 'access',
        'accessSync',        'chown',          'chownSync',
        'chmod',             'chmodSync',      'close',
        'closeSync',         'copyFile',       'copyFileSync',
        'cp',                'cpSync',         'createReadStream',
        'createWriteStream', 'exists',         'existsSync',
        'fchown',            'fchownSync',     'fchmod',
        'fchmodSync',        'fdatasync',      'fdatasyncSync',
        'fstat',             'fstatSync',      'fsync',
        'fsyncSync',         'ftruncate',      'ftruncateSync',
        'futimes',           'futimesSync',    'glob',
        'globSync',          'lchown',         'lchownSync',
        'lchmod',            'lchmodSync',     'link',
        'linkSync',          'lstat',          'lstatSync',
        'lutimes',           'lutimesSync',    'mkdir',
        'mkdirSync',         'mkdtemp',        'mkdtempSync',
        'open',              'openSync',       'openAsBlob',
        'readdir',           'readdirSync',    'read',
        'readSync',          'readv',          'readvSync',
        'readFile',          'readFileSync',   'readlink',
        'readlinkSync',      'realpath',       'realpathSync',
        'rename',            'renameSync',     'rm',
        'rmSync',            'rmdir',          'rmdirSync',
        'stat',              'statfs',         'statSync',
        'statfsSync',        'symlink',        'symlinkSync',
        'truncate',          'truncateSync',   'unwatchFile',
        'unlink',            'unlinkSync',     'utimes',
        'utimesSync',        'watch',          'watchFile',
        'writeFile',         'writeFileSync',  'write',
        'writeSync',         'writev',         'writevSync',
        'Dirent',            'Stats',          'ReadStream',
        'WriteStream',       'FileReadStream', 'FileWriteStream',
        '_toUnixTimestamp',  'Dir',            'opendir',
        'opendirSync',
        ... 6 more items
      ]

      at debug (api/analytics/sessions.js:8:15)

    console.debug
      [loadReport sessions] existsSync: false path: F:\TorqueMind-deploy\api\analytics\analytics-report.json

      at debug (api/analytics/sessions.js:12:13)

    console.debug
      [loadReport sessions] fs keys: [
        'appendFile',        'appendFileSync', 'access',
        'accessSync',        'chown',          'chownSync',
        'chmod',             'chmodSync',      'close',
        'closeSync',         'copyFile',       'copyFileSync',
        'cp',                'cpSync',         'createReadStream',
        'createWriteStream', 'exists',         'existsSync',
        'fchown',            'fchownSync',     'fchmod',
        'fchmodSync',        'fdatasync',      'fdatasyncSync',
        'fstat',             'fstatSync',      'fsync',
        'fsyncSync',         'ftruncate',      'ftruncateSync',
        'futimes',           'futimesSync',    'glob',
        'globSync',          'lchown',         'lchownSync',
        'lchmod',            'lchmodSync',     'link',
        'linkSync',          'lstat',          'lstatSync',
        'lutimes',           'lutimesSync',    'mkdir',
        'mkdirSync',         'mkdtemp',        'mkdtempSync',
        'open',              'openSync',       'openAsBlob',
        'readdir',           'readdirSync',    'read',
        'readSync',          'readv',          'readvSync',
        'readFile',          'readFileSync',   'readlink',
        'readlinkSync',      'realpath',       'realpathSync',
        'rename',            'renameSync',     'rm',
        'rmSync',            'rmdir',          'rmdirSync',
        'stat',              'statfs',         'statSync',
        'statfsSync',        'symlink',        'symlinkSync',
        'truncate',          'truncateSync',   'unwatchFile',
        'unlink',            'unlinkSync',     'utimes',
        'utimesSync',        'watch',          'watchFile',
        'writeFile',         'writeFileSync',  'write',
        'writeSync',         'writev',         'writevSync',
        'Dirent',            'Stats',          'ReadStream',
        'WriteStream',       'FileReadStream', 'FileWriteStream',
        '_toUnixTimestamp',  'Dir',            'opendir',
        'opendirSync',
        ... 6 more items
      ]

      at debug (api/analytics/sessions.js:8:15)

    console.debug
      [loadReport sessions] existsSync: false path: F:\TorqueMind-deploy\api\analytics\analytics-report.json

      at debug (api/analytics/sessions.js:12:13)

PASS tests/retrieval.spec.js
  ● Console

    console.log
      Per-test retries disabled (CI_PER_TEST_RETRIES not set or 0).

      at Object.log (scripts/jest-setup-retries.js:19:11)

PASS tests/retrieval-evaluation.spec.js
  ● Console

    console.log
      Per-test retries disabled (CI_PER_TEST_RETRIES not set or 0).

      at Object.log (scripts/jest-setup-retries.js:19:11)

PASS tests/ai/runtime/ai-orchestrator.spec.js
  ● Console

    console.log
      Per-test retries disabled (CI_PER_TEST_RETRIES not set or 0).

      at Object.log (scripts/jest-setup-retries.js:19:11)

PASS tests/student-dashboard.test.js
  ● Console

    console.log
      Per-test retries disabled (CI_PER_TEST_RETRIES not set or 0).

      at Object.log (scripts/jest-setup-retries.js:19:11)

PASS tests/worker-ollama.test.js
  ● Console

    console.log
      Per-test retries disabled (CI_PER_TEST_RETRIES not set or 0).

      at Object.log (scripts/jest-setup-retries.js:19:11)

PASS tests/student-dashboard.spec.js
  ● Console

    console.log
      Per-test retries disabled (CI_PER_TEST_RETRIES not set or 0).

      at Object.log (scripts/jest-setup-retries.js:19:11)

PASS tests/scenario-key-routing.spec.js
  ● Console

    console.log
      Per-test retries disabled (CI_PER_TEST_RETRIES not set or 0).

      at Object.log (scripts/jest-setup-retries.js:19:11)

    console.error
      Ambiguous scenario route: category "no-crank" matches 2 scenarios. Use scenario_key instead. [
        {
          id: 1,
          scenario_key: 'no-crank-clicking',
          symptoms: 'Engine will not crank. Clicking sound when key is turned.',
          symptomCategory: 'no-crank',
          primarySystem: 'electrical'
        },
        {
          id: 11,
          scenario_key: 'no-crank-starter-click',
          symptoms: 'Engine will not crank. Starter clicks when key is turned.',
          symptomCategory: 'no-crank',
          primarySystem: 'electrical'
        }
      ]

      84 |     if (matchingByCategory.length > 1) {
      85 |       // Ambiguous category route - REJECT
    > 86 |       console.error(`Ambiguous scenario route: category "${queryId}" matches ${matchingByCategory.length} scenarios. Use scenario_key instead.`, matchingByCategory);
         |               ^
      87 |       return null;
      88 |     }
      89 |     if (matchingByCategory.length === 1) {

      at error (tests/scenario-key-routing.spec.js:86:15)
      at Object.resolveScenario (tests/scenario-key-routing.spec.js:164:24)

    console.error
      Ambiguous scenario route: category "misfire" matches 2 scenarios. Use scenario_key instead. [
        {
          id: 5,
          scenario_key: 'misfire-acceleration',
          symptoms: 'Engine misfires under acceleration.',
          symptomCategory: 'misfire',
          primarySystem: 'ignition'
        },
        {
          id: 9,
          scenario_key: 'misfire-p0300',
          symptoms: 'Check engine light is on. Code P0300 detected.',
          symptomCategory: 'misfire',
          primarySystem: 'engine'
        }
      ]

      84 |     if (matchingByCategory.length > 1) {
      85 |       // Ambiguous category route - REJECT
    > 86 |       console.error(`Ambiguous scenario route: category "${queryId}" matches ${matchingByCategory.length} scenarios. Use scenario_key instead.`, matchingByCategory);
         |               ^
      87 |       return null;
      88 |     }
      89 |     if (matchingByCategory.length === 1) {

      at error (tests/scenario-key-routing.spec.js:86:15)
      at Object.resolveScenario (tests/scenario-key-routing.spec.js:169:24)

    console.error
      Ambiguous scenario route: category "hybrid-ev" matches 2 scenarios. Use scenario_key instead. [
        {
          id: 15,
          scenario_key: 'hybrid-ev-isolation',
          symptoms: 'Hybrid system disables on startup; HV battery isolation fault logged.',
          symptomCategory: 'hybrid-ev',
          primarySystem: 'hybrid'
        },
        {
          id: 17,
          scenario_key: 'hybrid-ev-insulation',
          symptoms: 'Hybrid/EV high-voltage insulation fault; vehicle disables on startup.',
          symptomCategory: 'hybrid-ev',
          primarySystem: 'hybrid'
        }
      ]

      84 |     if (matchingByCategory.length > 1) {
      85 |       // Ambiguous category route - REJECT
    > 86 |       console.error(`Ambiguous scenario route: category "${queryId}" matches ${matchingByCategory.length} scenarios. Use scenario_key instead.`, matchingByCategory);
         |               ^
      87 |       return null;
      88 |     }
      89 |     if (matchingByCategory.length === 1) {

      at error (tests/scenario-key-routing.spec.js:86:15)
      at Object.resolveScenario (tests/scenario-key-routing.spec.js:174:24)

    console.error
      Ambiguous scenario route: category "no-crank" matches 2 scenarios. Use scenario_key instead. [
        {
          id: 1,
          scenario_key: 'no-crank-clicking',
          symptoms: 'Engine will not crank. Clicking sound when key is turned.',
          symptomCategory: 'no-crank',
          primarySystem: 'electrical'
        },
        {
          id: 11,
          scenario_key: 'no-crank-starter-click',
          symptoms: 'Engine will not crank. Starter clicks when key is turned.',
          symptomCategory: 'no-crank',
          primarySystem: 'electrical'
        }
      ]

      84 |     if (matchingByCategory.length > 1) {
      85 |       // Ambiguous category route - REJECT
    > 86 |       console.error(`Ambiguous scenario route: category "${queryId}" matches ${matchingByCategory.length} scenarios. Use scenario_key instead.`, matchingByCategory);
         |               ^
      87 |       return null;
      88 |     }
      89 |     if (matchingByCategory.length === 1) {

      at error (tests/scenario-key-routing.spec.js:86:15)
      at resolveScenario (tests/scenario-key-routing.spec.js:265:26)
          at Array.forEach (<anonymous>)
      at Object.forEach (tests/scenario-key-routing.spec.js:264:27)

    console.error
      Ambiguous scenario route: category "misfire" matches 2 scenarios. Use scenario_key instead. [
        {
          id: 5,
          scenario_key: 'misfire-acceleration',
          symptoms: 'Engine misfires under acceleration.',
          symptomCategory: 'misfire',
          primarySystem: 'ignition'
        },
        {
          id: 9,
          scenario_key: 'misfire-p0300',
          symptoms: 'Check engine light is on. Code P0300 detected.',
          symptomCategory: 'misfire',
          primarySystem: 'engine'
        }
      ]

      84 |     if (matchingByCategory.length > 1) {
      85 |       // Ambiguous category route - REJECT
    > 86 |       console.error(`Ambiguous scenario route: category "${queryId}" matches ${matchingByCategory.length} scenarios. Use scenario_key instead.`, matchingByCategory);
         |               ^
      87 |       return null;
      88 |     }
      89 |     if (matchingByCategory.length === 1) {

      at error (tests/scenario-key-routing.spec.js:86:15)
      at resolveScenario (tests/scenario-key-routing.spec.js:265:26)
          at Array.forEach (<anonymous>)
      at Object.forEach (tests/scenario-key-routing.spec.js:264:27)

    console.error
      Ambiguous scenario route: category "hybrid-ev" matches 2 scenarios. Use scenario_key instead. [
        {
          id: 15,
          scenario_key: 'hybrid-ev-isolation',
          symptoms: 'Hybrid system disables on startup; HV battery isolation fault logged.',
          symptomCategory: 'hybrid-ev',
          primarySystem: 'hybrid'
        },
        {
          id: 17,
          scenario_key: 'hybrid-ev-insulation',
          symptoms: 'Hybrid/EV high-voltage insulation fault; vehicle disables on startup.',
          symptomCategory: 'hybrid-ev',
          primarySystem: 'hybrid'
        }
      ]

      84 |     if (matchingByCategory.length > 1) {
      85 |       // Ambiguous category route - REJECT
    > 86 |       console.error(`Ambiguous scenario route: category "${queryId}" matches ${matchingByCategory.length} scenarios. Use scenario_key instead.`, matchingByCategory);
         |               ^
      87 |       return null;
      88 |     }
      89 |     if (matchingByCategory.length === 1) {

      at error (tests/scenario-key-routing.spec.js:86:15)
      at resolveScenario (tests/scenario-key-routing.spec.js:265:26)
          at Array.forEach (<anonymous>)
      at Object.forEach (tests/scenario-key-routing.spec.js:264:27)

PASS tests/embeddings.spec.js
  ● Console

    console.log
      Per-test retries disabled (CI_PER_TEST_RETRIES not set or 0).

      at Object.log (scripts/jest-setup-retries.js:19:11)

PASS tests/ai/governance/policy-engine.spec.js
  ● Console

    console.log
      Per-test retries disabled (CI_PER_TEST_RETRIES not set or 0).

      at Object.log (scripts/jest-setup-retries.js:19:11)

PASS tests/ai/kernel/scheduler-kernel.spec.js
  ● Console

    console.log
      Per-test retries disabled (CI_PER_TEST_RETRIES not set or 0).

      at Object.log (scripts/jest-setup-retries.js:19:11)

PASS tests/worker-tutor-response.test.js
  ● Console

    console.log
      Per-test retries disabled (CI_PER_TEST_RETRIES not set or 0).

      at Object.log (scripts/jest-setup-retries.js:19:11)

PASS tests/worker-openai-compatible.test.js
  ● Console

    console.log
      Per-test retries disabled (CI_PER_TEST_RETRIES not set or 0).

      at Object.log (scripts/jest-setup-retries.js:19:11)

PASS tests/ai/kernel/scheduler-policy-integration.spec.js
  ● Console

    console.log
      Per-test retries disabled (CI_PER_TEST_RETRIES not set or 0).

      at Object.log (scripts/jest-setup-retries.js:19:11)

PASS tests/attempt-store.spec.js
  ● Console

    console.log
      Per-test retries disabled (CI_PER_TEST_RETRIES not set or 0).

      at Object.log (scripts/jest-setup-retries.js:19:11)

PASS tests/worker-routing.test.js
  ● Console

    console.log
      Per-test retries disabled (CI_PER_TEST_RETRIES not set or 0).

      at Object.log (scripts/jest-setup-retries.js:19:11)

PASS tests/tutor-grounding.service.spec.js
  ● Console

    console.log
      Per-test retries disabled (CI_PER_TEST_RETRIES not set or 0).

      at Object.log (scripts/jest-setup-retries.js:19:11)

PASS tests/analytics/aggregateSessions.spec.js
  ● Console

    console.log
      Per-test retries disabled (CI_PER_TEST_RETRIES not set or 0).

      at Object.log (scripts/jest-setup-retries.js:19:11)

    console.debug
      [loadReport sessions] fs keys: [
        'appendFile',        'appendFileSync', 'access',
        'accessSync',        'chown',          'chownSync',
        'chmod',             'chmodSync',      'close',
        'closeSync',         'copyFile',       'copyFileSync',
        'cp',                'cpSync',         'createReadStream',
        'createWriteStream', 'exists',         'existsSync',
        'fchown',            'fchownSync',     'fchmod',
        'fchmodSync',        'fdatasync',      'fdatasyncSync',
        'fstat',             'fstatSync',      'fsync',
        'fsyncSync',         'ftruncate',      'ftruncateSync',
        'futimes',           'futimesSync',    'glob',
        'globSync',          'lchown',         'lchownSync',
        'lchmod',            'lchmodSync',     'link',
        'linkSync',          'lstat',          'lstatSync',
        'lutimes',           'lutimesSync',    'mkdir',
        'mkdirSync',         'mkdtemp',        'mkdtempSync',
        'open',              'openSync',       'openAsBlob',
        'readdir',           'readdirSync',    'read',
        'readSync',          'readv',          'readvSync',
        'readFile',          'readFileSync',   'readlink',
        'readlinkSync',      'realpath',       'realpathSync',
        'rename',            'renameSync',     'rm',
        'rmSync',            'rmdir',          'rmdirSync',
        'stat',              'statfs',         'statSync',
        'statfsSync',        'symlink',        'symlinkSync',
        'truncate',          'truncateSync',   'unwatchFile',
        'unlink',            'unlinkSync',     'utimes',
        'utimesSync',        'watch',          'watchFile',
        'writeFile',         'writeFileSync',  'write',
        'writeSync',         'writev',         'writevSync',
        'Dirent',            'Stats',          '_toUnixTimestamp',
        'Dir',               'opendir',        'opendirSync',
        'F_OK',              'R_OK',           'W_OK',
        'X_OK',
        ... 1 more item
      ]

      at debug (api/analytics/sessions.js:8:15)

    console.debug
      [loadReport sessions] existsSync: true path: F:\TorqueMind-deploy\api\analytics\analytics-report.json

      at debug (api/analytics/sessions.js:12:13)

    console.debug
      [loadReport sessions] readFileSync type: string

      at debug (api/analytics/sessions.js:15:13)

    console.debug
      [loadReport sessions] fs keys: [
        'appendFile',        'appendFileSync', 'access',
        'accessSync',        'chown',          'chownSync',
        'chmod',             'chmodSync',      'close',
        'closeSync',         'copyFile',       'copyFileSync',
        'cp',                'cpSync',         'createReadStream',
        'createWriteStream', 'exists',         'existsSync',
        'fchown',            'fchownSync',     'fchmod',
        'fchmodSync',        'fdatasync',      'fdatasyncSync',
        'fstat',             'fstatSync',      'fsync',
        'fsyncSync',         'ftruncate',      'ftruncateSync',
        'futimes',           'futimesSync',    'glob',
        'globSync',          'lchown',         'lchownSync',
        'lchmod',            'lchmodSync',     'link',
        'linkSync',          'lstat',          'lstatSync',
        'lutimes',           'lutimesSync',    'mkdir',
        'mkdirSync',         'mkdtemp',        'mkdtempSync',
        'open',              'openSync',       'openAsBlob',
        'readdir',           'readdirSync',    'read',
        'readSync',          'readv',          'readvSync',
        'readFile',          'readFileSync',   'readlink',
        'readlinkSync',      'realpath',       'realpathSync',
        'rename',            'renameSync',     'rm',
        'rmSync',            'rmdir',          'rmdirSync',
        'stat',              'statfs',         'statSync',
        'statfsSync',        'symlink',        'symlinkSync',
        'truncate',          'truncateSync',   'unwatchFile',
        'unlink',            'unlinkSync',     'utimes',
        'utimesSync',        'watch',          'watchFile',
        'writeFile',         'writeFileSync',  'write',
        'writeSync',         'writev',         'writevSync',
        'Dirent',            'Stats',          '_toUnixTimestamp',
        'Dir',               'opendir',        'opendirSync',
        'F_OK',              'R_OK',           'W_OK',
        'X_OK',
        ... 1 more item
      ]

      at debug (api/analytics/sessions.js:8:15)

    console.debug
      [loadReport sessions] existsSync: false path: F:\TorqueMind-deploy\api\analytics\analytics-report.json

      at debug (api/analytics/sessions.js:12:13)

PASS tests/evidence.spec.js
  ● Console

    console.log
      Per-test retries disabled (CI_PER_TEST_RETRIES not set or 0).

      at Object.log (scripts/jest-setup-retries.js:19:11)

PASS tests/analytics.spec.js
  ● Console

    console.log
      Per-test retries disabled (CI_PER_TEST_RETRIES not set or 0).

      at Object.log (scripts/jest-setup-retries.js:19:11)

PASS tests/telemetry-storage.spec.js
  ● Console

    console.log
      Per-test retries disabled (CI_PER_TEST_RETRIES not set or 0).

      at Object.log (scripts/jest-setup-retries.js:19:11)

PASS tests/unit/replay.spec.js
  ● Console

    console.log
      Per-test retries disabled (CI_PER_TEST_RETRIES not set or 0).

      at Object.log (scripts/jest-setup-retries.js:19:11)

PASS tests/unit/diagnosticEngine.test.js
  ● Console

    console.log
      Per-test retries disabled (CI_PER_TEST_RETRIES not set or 0).

      at Object.log (scripts/jest-setup-retries.js:19:11)

    console.log
      DiagnosticEngine loaded

      at eval (engine/diagnosticEngine.js:589:11)

    console.log
      DiagnosticEngine loaded

      at eval (engine/diagnosticEngine.js:589:11)

    console.log
      DiagnosticEngine loaded

      at eval (engine/diagnosticEngine.js:589:11)

    console.log
      DiagnosticEngine loaded

      at eval (engine/diagnosticEngine.js:589:11)

PASS tests/worker-rate-limit.test.js
  ● Console

    console.log
      Per-test retries disabled (CI_PER_TEST_RETRIES not set or 0).

      at Object.log (scripts/jest-setup-retries.js:19:11)

    console.log
      {"event":"torquemind.feedback.rate_limited","requestId":"r2","client":"f5047344122f","limit":2,"remaining":0,"retryAfterSeconds":60,"route":"/api/torquemind-feedback","method":"POST"}

      at log (worker/middleware/rate-limit.js:130:19)

PASS tests/tutor-grounded-api.spec.js
  ● Console

    console.log
      Per-test retries disabled (CI_PER_TEST_RETRIES not set or 0).

      at Object.log (scripts/jest-setup-retries.js:19:11)

PASS tests/obd2-ase.spec.js
  ● Console

    console.log
      Per-test retries disabled (CI_PER_TEST_RETRIES not set or 0).

      at Object.log (scripts/jest-setup-retries.js:19:11)

PASS tests/unit/artifactParser.spec.js
  ● Console

    console.log
      Per-test retries disabled (CI_PER_TEST_RETRIES not set or 0).

      at Object.log (scripts/jest-setup-retries.js:19:11)

PASS tests/worker-rate-limit-durable-object.test.js
  ● Console

    console.log
      Per-test retries disabled (CI_PER_TEST_RETRIES not set or 0).

      at Object.log (scripts/jest-setup-retries.js:19:11)

    console.log
      DO response text: {"allowed":true,"limit":2,"count":1,"remaining":1,"retryAfterSeconds":0,"resetAt":1788558275000}

      at log (tests/worker-rate-limit-durable-object.test.js:30:13)

    console.log
      {"event":"torquemind.feedback.rate_limited","requestId":"ra","client":"f1412386aa8d","limit":1,"remaining":0,"retryAfterSeconds":36,"route":"/api/torquemind-feedback","method":"POST"}

      at log (worker/middleware/rate-limit.js:130:19)

PASS tests/api-version-mismatch.spec.js
  ● Console

    console.log
      Per-test retries disabled (CI_PER_TEST_RETRIES not set or 0).

      at Object.log (scripts/jest-setup-retries.js:19:11)

PASS tests/ai/kernel/agent-process.spec.js
  ● Console

    console.log
      Per-test retries disabled (CI_PER_TEST_RETRIES not set or 0).

      at Object.log (scripts/jest-setup-retries.js:19:11)

PASS tests/ai/registry/agent-registry.spec.js
  ● Console

    console.log
      Per-test retries disabled (CI_PER_TEST_RETRIES not set or 0).

      at Object.log (scripts/jest-setup-retries.js:19:11)

PASS tests/analytics/fs-mock-repro.spec.js
  ● Console

    console.log
      Per-test retries disabled (CI_PER_TEST_RETRIES not set or 0).

      at Object.log (scripts/jest-setup-retries.js:19:11)

    console.debug
      [loadReport sessions] fs keys: [
        'appendFile',        'appendFileSync', 'access',
        'accessSync',        'chown',          'chownSync',
        'chmod',             'chmodSync',      'close',
        'closeSync',         'copyFile',       'copyFileSync',
        'cp',                'cpSync',         'createReadStream',
        'createWriteStream', 'exists',         'existsSync',
        'fchown',            'fchownSync',     'fchmod',
        'fchmodSync',        'fdatasync',      'fdatasyncSync',
        'fstat',             'fstatSync',      'fsync',
        'fsyncSync',         'ftruncate',      'ftruncateSync',
        'futimes',           'futimesSync',    'glob',
        'globSync',          'lchown',         'lchownSync',
        'lchmod',            'lchmodSync',     'link',
        'linkSync',          'lstat',          'lstatSync',
        'lutimes',           'lutimesSync',    'mkdir',
        'mkdirSync',         'mkdtemp',        'mkdtempSync',
        'open',              'openSync',       'openAsBlob',
        'readdir',           'readdirSync',    'read',
        'readSync',          'readv',          'readvSync',
        'readFile',          'readFileSync',   'readlink',
        'readlinkSync',      'realpath',       'realpathSync',
        'rename',            'renameSync',     'rm',
        'rmSync',            'rmdir',          'rmdirSync',
        'stat',              'statfs',         'statSync',
        'statfsSync',        'symlink',        'symlinkSync',
        'truncate',          'truncateSync',   'unwatchFile',
        'unlink',            'unlinkSync',     'utimes',
        'utimesSync',        'watch',          'watchFile',
        'writeFile',         'writeFileSync',  'write',
        'writeSync',         'writev',         'writevSync',
        'Dirent',            'Stats',          '_toUnixTimestamp',
        'Dir',               'opendir',        'opendirSync',
        'F_OK',              'R_OK',           'W_OK',
        'X_OK',
        ... 1 more item
      ]

      at debug (api/analytics/sessions.js:8:15)

    console.debug
      [loadReport sessions] existsSync: undefined path: F:\TorqueMind-deploy\api\analytics\analytics-report.json

      at debug (api/analytics/sessions.js:12:13)

    console.debug
      [loadReport sessions] readFileSync type: string

      at debug (api/analytics/sessions.js:15:13)

    console.debug
      [loadReport sessions] fs keys: [ 'readFileSync' ]

      at debug (api/analytics/sessions.js:8:15)

    console.debug
      [loadReport sessions] existsSync: undefined path: F:\TorqueMind-deploy\api\analytics\analytics-report.json

      at debug (api/analytics/sessions.js:12:13)

    console.debug
      [loadReport sessions] readFileSync type: string

      at debug (api/analytics/sessions.js:15:13)

    console.debug
      [loadReport sessions] fs keys: [ 'readFileSync' ]

      at debug (api/analytics/sessions.js:8:15)

    console.debug
      [loadReport sessions] existsSync: undefined path: F:\TorqueMind-deploy\api\analytics\analytics-report.json

      at debug (api/analytics/sessions.js:12:13)

    console.debug
      [loadReport sessions] readFileSync type: string

      at debug (api/analytics/sessions.js:15:13)

PASS tests/telemetry-storage.test.js
  ● Console

    console.log
      Per-test retries disabled (CI_PER_TEST_RETRIES not set or 0).

      at Object.log (scripts/jest-setup-retries.js:19:11)

PASS tests/provenance-ci.spec.js
  ● Console

    console.log
      Per-test retries disabled (CI_PER_TEST_RETRIES not set or 0).

      at Object.log (scripts/jest-setup-retries.js:19:11)

PASS tests/analytics/aggregateStudents.spec.js
  ● Console

    console.log
      Per-test retries disabled (CI_PER_TEST_RETRIES not set or 0).

      at Object.log (scripts/jest-setup-retries.js:19:11)

PASS tests/tted805-answer-key-security.spec.js
  ● Console

    console.log
      Per-test retries disabled (CI_PER_TEST_RETRIES not set or 0).

      at Object.log (scripts/jest-setup-retries.js:19:11)

PASS tests/session-summary.test.js
  ● Console

    console.log
      Per-test retries disabled (CI_PER_TEST_RETRIES not set or 0).

      at Object.log (scripts/jest-setup-retries.js:19:11)

    console.log
      Wrote session summary to F:\TorqueMind-deploy\reports\student-performance-report.json

      at Object.log (tools/session-summary.js:54:11)

PASS tests/obd2-rubric.spec.js
  ● Console

    console.log
      Per-test retries disabled (CI_PER_TEST_RETRIES not set or 0).

      at Object.log (scripts/jest-setup-retries.js:19:11)

PASS tests/evidence-mapping-contract-static.spec.js
  ● Console

    console.log
      Per-test retries disabled (CI_PER_TEST_RETRIES not set or 0).

      at Object.log (scripts/jest-setup-retries.js:19:11)

PASS tests/unit/matchesFilter.test.js
  ● Console

    console.log
      Per-test retries disabled (CI_PER_TEST_RETRIES not set or 0).

      at Object.log (scripts/jest-setup-retries.js:19:11)

PASS tests/worker-ai-config.test.js
  ● Console

    console.log
      Per-test retries disabled (CI_PER_TEST_RETRIES not set or 0).

      at Object.log (scripts/jest-setup-retries.js:19:11)

PASS tests/unit/inference.spec.js
  ● Console

    console.log
      Per-test retries disabled (CI_PER_TEST_RETRIES not set or 0).

      at Object.log (scripts/jest-setup-retries.js:19:11)

PASS tests/version-sync.spec.js
  ● Console

    console.log
      Per-test retries disabled (CI_PER_TEST_RETRIES not set or 0).

      at Object.log (scripts/jest-setup-retries.js:19:11)

PASS tests/unit/registry-normalization.test.js
  ● Console

    console.log
      Per-test retries disabled (CI_PER_TEST_RETRIES not set or 0).

      at Object.log (scripts/jest-setup-retries.js:19:11)

PASS tests/rala-contracts.spec.js
  ● Console

    console.log
      Per-test retries disabled (CI_PER_TEST_RETRIES not set or 0).

      at Object.log (scripts/jest-setup-retries.js:19:11)

PASS tests/obd2-rendering.spec.js
  ● Console

    console.log
      Per-test retries disabled (CI_PER_TEST_RETRIES not set or 0).

      at Object.log (scripts/jest-setup-retries.js:19:11)

PASS tests/obd2-gauges.spec.js
  ● Console

    console.log
      Per-test retries disabled (CI_PER_TEST_RETRIES not set or 0).

      at Object.log (scripts/jest-setup-retries.js:19:11)

PASS tests/drivetrain-scenario-catalog.spec.js
  ● Console

    console.log
      Per-test retries disabled (CI_PER_TEST_RETRIES not set or 0).

      at Object.log (scripts/jest-setup-retries.js:19:11)

PASS tests/canonical-domain.spec.js
  ● Console

    console.log
      Per-test retries disabled (CI_PER_TEST_RETRIES not set or 0).

      at Object.log (scripts/jest-setup-retries.js:19:11)

PASS tests/attempt-supabase.spec.js
  ● Console

    console.log
      Per-test retries disabled (CI_PER_TEST_RETRIES not set or 0).

      at Object.log (scripts/jest-setup-retries.js:19:11)

PASS tests/ai/events/runtime-event-bus.spec.js
  ● Console

    console.log
      Per-test retries disabled (CI_PER_TEST_RETRIES not set or 0).

      at Object.log (scripts/jest-setup-retries.js:19:11)

PASS tests/analytics/fs-mock-hoist-reset.spec.js
  ● Console

    console.log
      Per-test retries disabled (CI_PER_TEST_RETRIES not set or 0).

      at Object.log (scripts/jest-setup-retries.js:19:11)

    console.debug
      [loadReport sessions] fs keys: [
        'appendFile',        'appendFileSync', 'access',
        'accessSync',        'chown',          'chownSync',
        'chmod',             'chmodSync',      'close',
        'closeSync',         'copyFile',       'copyFileSync',
        'cp',                'cpSync',         'createReadStream',
        'createWriteStream', 'exists',         'existsSync',
        'fchown',            'fchownSync',     'fchmod',
        'fchmodSync',        'fdatasync',      'fdatasyncSync',
        'fstat',             'fstatSync',      'fsync',
        'fsyncSync',         'ftruncate',      'ftruncateSync',
        'futimes',           'futimesSync',    'glob',
        'globSync',          'lchown',         'lchownSync',
        'lchmod',            'lchmodSync',     'link',
        'linkSync',          'lstat',          'lstatSync',
        'lutimes',           'lutimesSync',    'mkdir',
        'mkdirSync',         'mkdtemp',        'mkdtempSync',
        'open',              'openSync',       'openAsBlob',
        'readdir',           'readdirSync',    'read',
        'readSync',          'readv',          'readvSync',
        'readFile',          'readFileSync',   'readlink',
        'readlinkSync',      'realpath',       'realpathSync',
        'rename',            'renameSync',     'rm',
        'rmSync',            'rmdir',          'rmdirSync',
        'stat',              'statfs',         'statSync',
        'statfsSync',        'symlink',        'symlinkSync',
        'truncate',          'truncateSync',   'unwatchFile',
        'unlink',            'unlinkSync',     'utimes',
        'utimesSync',        'watch',          'watchFile',
        'writeFile',         'writeFileSync',  'write',
        'writeSync',         'writev',         'writevSync',
        'Dirent',            'Stats',          '_toUnixTimestamp',
        'Dir',               'opendir',        'opendirSync',
        'F_OK',              'R_OK',           'W_OK',
        'X_OK',
        ... 1 more item
      ]

      at debug (api/analytics/sessions.js:8:15)

    console.debug
      [loadReport sessions] existsSync: true path: F:\TorqueMind-deploy\api\analytics\analytics-report.json

      at debug (api/analytics/sessions.js:12:13)

    console.debug
      [loadReport sessions] readFileSync type: string

      at debug (api/analytics/sessions.js:15:13)

PASS tests/telemetry-auth-integration.test.js
  ● Console

    console.log
      Per-test retries disabled (CI_PER_TEST_RETRIES not set or 0).

      at Object.log (scripts/jest-setup-retries.js:19:11)

    console.log
      Telemetry auth-integration scaffold tests passed.

      at log (tests/telemetry-auth-integration.test.js:35:11)

PASS tests/analytics-api.test.js
  ● Console

    console.log
      Per-test retries disabled (CI_PER_TEST_RETRIES not set or 0).

      at Object.log (scripts/jest-setup-retries.js:19:11)

    console.log
      Running analytics API tests...

      at log (tests/analytics-api.test.js:7:11)

    console.debug
      [loadReport sessions] fs keys: [
        'appendFile',        'appendFileSync', 'access',
        'accessSync',        'chown',          'chownSync',
        'chmod',             'chmodSync',      'close',
        'closeSync',         'copyFile',       'copyFileSync',
        'cp',                'cpSync',         'createReadStream',
        'createWriteStream', 'exists',         'existsSync',
        'fchown',            'fchownSync',     'fchmod',
        'fchmodSync',        'fdatasync',      'fdatasyncSync',
        'fstat',             'fstatSync',      'fsync',
        'fsyncSync',         'ftruncate',      'ftruncateSync',
        'futimes',           'futimesSync',    'glob',
        'globSync',          'lchown',         'lchownSync',
        'lchmod',            'lchmodSync',     'link',
        'linkSync',          'lstat',          'lstatSync',
        'lutimes',           'lutimesSync',    'mkdir',
        'mkdirSync',         'mkdtemp',        'mkdtempSync',
        'open',              'openSync',       'openAsBlob',
        'readdir',           'readdirSync',    'read',
        'readSync',          'readv',          'readvSync',
        'readFile',          'readFileSync',   'readlink',
        'readlinkSync',      'realpath',       'realpathSync',
        'rename',            'renameSync',     'rm',
        'rmSync',            'rmdir',          'rmdirSync',
        'stat',              'statfs',         'statSync',
        'statfsSync',        'symlink',        'symlinkSync',
        'truncate',          'truncateSync',   'unwatchFile',
        'unlink',            'unlinkSync',     'utimes',
        'utimesSync',        'watch',          'watchFile',
        'writeFile',         'writeFileSync',  'write',
        'writeSync',         'writev',         'writevSync',
        'Dirent',            'Stats',          'ReadStream',
        'WriteStream',       'FileReadStream', 'FileWriteStream',
        '_toUnixTimestamp',  'Dir',            'opendir',
        'opendirSync',
        ... 6 more items
      ]

      at debug (api/analytics/sessions.js:8:15)

    console.debug
      [loadReport sessions] existsSync: false path: F:\TorqueMind-deploy\api\analytics\analytics-report.json

      at debug (api/analytics/sessions.js:12:13)

    console.log
      Analytics API tests passed.

      at log (tests/analytics-api.test.js:26:11)

PASS tests/unit/recoverable-ui-errors.test.js
  ● Console

    console.log
      Per-test retries disabled (CI_PER_TEST_RETRIES not set or 0).

      at Object.log (scripts/jest-setup-retries.js:19:11)

PASS tests/analytics/debug-aggregate-debug.spec.js
  ● Console

    console.log
      Per-test retries disabled (CI_PER_TEST_RETRIES not set or 0).

      at Object.log (scripts/jest-setup-retries.js:19:11)

    console.debug
      before require - readFileSync.mock: true mockReturnValue: []

      at Object.debug (tests/analytics/debug-aggregate-debug.spec.js:24:13)

    console.debug
      after require - readFileSync.mock: true mock.results: []

      at Object.debug (tests/analytics/debug-aggregate-debug.spec.js:28:13)

    console.debug
      [loadReport sessions] fs keys: [
        'appendFile',        'appendFileSync', 'access',
        'accessSync',        'chown',          'chownSync',
        'chmod',             'chmodSync',      'close',
        'closeSync',         'copyFile',       'copyFileSync',
        'cp',                'cpSync',         'createReadStream',
        'createWriteStream', 'exists',         'existsSync',
        'fchown',            'fchownSync',     'fchmod',
        'fchmodSync',        'fdatasync',      'fdatasyncSync',
        'fstat',             'fstatSync',      'fsync',
        'fsyncSync',         'ftruncate',      'ftruncateSync',
        'futimes',           'futimesSync',    'glob',
        'globSync',          'lchown',         'lchownSync',
        'lchmod',            'lchmodSync',     'link',
        'linkSync',          'lstat',          'lstatSync',
        'lutimes',           'lutimesSync',    'mkdir',
        'mkdirSync',         'mkdtemp',        'mkdtempSync',
        'open',              'openSync',       'openAsBlob',
        'readdir',           'readdirSync',    'read',
        'readSync',          'readv',          'readvSync',
        'readFile',          'readFileSync',   'readlink',
        'readlinkSync',      'realpath',       'realpathSync',
        'rename',            'renameSync',     'rm',
        'rmSync',            'rmdir',          'rmdirSync',
        'stat',              'statfs',         'statSync',
        'statfsSync',        'symlink',        'symlinkSync',
        'truncate',          'truncateSync',   'unwatchFile',
        'unlink',            'unlinkSync',     'utimes',
        'utimesSync',        'watch',          'watchFile',
        'writeFile',         'writeFileSync',  'write',
        'writeSync',         'writev',         'writevSync',
        'Dirent',            'Stats',          '_toUnixTimestamp',
        'Dir',               'opendir',        'opendirSync',
        'F_OK',              'R_OK',           'W_OK',
        'X_OK',
        ... 1 more item
      ]

      at debug (api/analytics/sessions.js:8:15)

    console.debug
      [loadReport sessions] existsSync: true path: F:\TorqueMind-deploy\api\analytics\analytics-report.json

      at debug (api/analytics/sessions.js:12:13)

    console.debug
      [loadReport sessions] readFileSync type: string

      at debug (api/analytics/sessions.js:15:13)

    console.debug
      after aggregate - readFileSync.mock.results: [
        {
          type: 'return',
          value: '{"sessions":[{"userId":"u1","confidence":0.8},{"userId":"u1","confidence":0.6},{"userId":"u2","confidence":0.5}]}'
        }
      ] res: {
        ok: true,
        totalSessions: 3,
        averageConfidence: 0.633,
        students: [
          { id: 'u1', sessions: 2, averageConfidence: 0.7 },
          { id: 'u2', sessions: 1, averageConfidence: 0.5 }
        ]
      }

      at Object.debug (tests/analytics/debug-aggregate-debug.spec.js:32:13)

PASS tests/obd2-student.spec.js
  ● Console

    console.log
      Per-test retries disabled (CI_PER_TEST_RETRIES not set or 0).

      at Object.log (scripts/jest-setup-retries.js:19:11)

PASS tests/env-setup.test.js
  ● Console

    console.log
      Per-test retries disabled (CI_PER_TEST_RETRIES not set or 0).

      at Object.log (scripts/jest-setup-retries.js:19:11)

PASS tests/attempt-adapter.spec.js
  ● Console

    console.log
      Per-test retries disabled (CI_PER_TEST_RETRIES not set or 0).

      at Object.log (scripts/jest-setup-retries.js:19:11)

PASS tests/unit/graphModel.spec.js
  ● Console

    console.log
      Per-test retries disabled (CI_PER_TEST_RETRIES not set or 0).

      at Object.log (scripts/jest-setup-retries.js:19:11)

PASS tests/worker-request-context.test.js
  ● Console

    console.log
      Per-test retries disabled (CI_PER_TEST_RETRIES not set or 0).

      at Object.log (scripts/jest-setup-retries.js:19:11)

PASS tests/telemetry-access.test.js
  ● Console

    console.log
      Per-test retries disabled (CI_PER_TEST_RETRIES not set or 0).

      at Object.log (scripts/jest-setup-retries.js:19:11)

PASS tests/supabase-token-auth.test.js
  ● Console

    console.log
      Per-test retries disabled (CI_PER_TEST_RETRIES not set or 0).

      at Object.log (scripts/jest-setup-retries.js:19:11)

    console.log
      Supabase token auth scaffold tests passed.

      at log (tests/supabase-token-auth.test.js:34:11)

PASS tests/obd2-live.spec.js
  ● Console

    console.log
      Per-test retries disabled (CI_PER_TEST_RETRIES not set or 0).

      at Object.log (scripts/jest-setup-retries.js:19:11)

PASS tests/env-setup.spec.js
  ● Console

    console.log
      Per-test retries disabled (CI_PER_TEST_RETRIES not set or 0).

      at Object.log (scripts/jest-setup-retries.js:19:11)

PASS tests/dashboard-api-origin.test.js
  ● Console

    console.log
      Per-test retries disabled (CI_PER_TEST_RETRIES not set or 0).

      at Object.log (scripts/jest-setup-retries.js:19:11)

PASS tests/unit/ruleEngine.spec.js
  ● Console

    console.log
      Per-test retries disabled (CI_PER_TEST_RETRIES not set or 0).

      at Object.log (scripts/jest-setup-retries.js:19:11)

PASS tests/smooth-scroll.spec.js
  ● Console

    console.log
      Per-test retries disabled (CI_PER_TEST_RETRIES not set or 0).

      at Object.log (scripts/jest-setup-retries.js:19:11)

PASS tests/session-history-ui.test.js
  ● Console

    console.log
      Per-test retries disabled (CI_PER_TEST_RETRIES not set or 0).

      at Object.log (scripts/jest-setup-retries.js:19:11)

PASS tests/ollama-config-consistency.test.js
  ● Console

    console.log
      Per-test retries disabled (CI_PER_TEST_RETRIES not set or 0).

      at Object.log (scripts/jest-setup-retries.js:19:11)

PASS tests/scenario-assets.spec.js
  ● Console

    console.log
      Per-test retries disabled (CI_PER_TEST_RETRIES not set or 0).

      at Object.log (scripts/jest-setup-retries.js:19:11)

PASS tests/worker-logger.test.js
  ● Console

    console.log
      Per-test retries disabled (CI_PER_TEST_RETRIES not set or 0).

      at Object.log (scripts/jest-setup-retries.js:19:11)

PASS tests/scenario-provenance.spec.js
  ● Console

    console.log
      Per-test retries disabled (CI_PER_TEST_RETRIES not set or 0).

      at Object.log (scripts/jest-setup-retries.js:19:11)

PASS tests/scenario-question-bank.spec.js
  ● Console

    console.log
      Per-test retries disabled (CI_PER_TEST_RETRIES not set or 0).

      at Object.log (scripts/jest-setup-retries.js:19:11)

PASS tests/attempts-migration.test.js
  ● Console

    console.log
      Per-test retries disabled (CI_PER_TEST_RETRIES not set or 0).

      at Object.log (scripts/jest-setup-retries.js:19:11)


Test Suites: 1 skipped, 102 passed, 102 of 103 total
Tests:       20 skipped, 513 passed, 533 total
Snapshots:   0 total
Time:        24.534 s
Ran all test suites.

✅ Jest tests passed. Running Supabase contract tests...
TAP version 13
# Subtest: seed entry point is portable and nondestructive
ok 1 - seed entry point is portable and nondestructive
  ---
  duration_ms: 0.9251
  type: 'test'
  ...
# Subtest: question loader references only verified staging schema
ok 2 - question loader references only verified staging schema
  ---
  duration_ms: 0.2529
  type: 'test'
  ...
# Subtest: question loader creates draft provenance without synthetic approvals
ok 3 - question loader creates draft provenance without synthetic approvals
  ---
  duration_ms: 0.2312
  type: 'test'
  ...
# Subtest: deploy ownership-based RLS through a verified Supabase migration
ok 4 - deploy ownership-based RLS through a verified Supabase migration # TODO
  ---
  duration_ms: 0.0771
  type: 'test'
  ...
# Subtest: active seed files contain no destructive statements
ok 5 - active seed files contain no destructive statements
  ---
  duration_ms: 0.6502
  type: 'test'
  ...
# Subtest: all expected verification and evidence-gate files exist
ok 6 - all expected verification and evidence-gate files exist
  ---
  duration_ms: 1.1282
  type: 'test'
  ...
# Subtest: historical empty migrations remain preserved
ok 7 - historical empty migrations remain preserved
  ---
  duration_ms: 1.7876
  type: 'test'
  ...
# Subtest: every privileged handler rejects missing bearer tokens
ok 8 - every privileged handler rejects missing bearer tokens
  ---
  duration_ms: 1.4842
  type: 'test'
  ...
# Subtest: expired or invalid bearer tokens are rejected
ok 9 - expired or invalid bearer tokens are rejected
  ---
  duration_ms: 0.2729
  type: 'test'
  ...
# Subtest: editable user_metadata cannot grant analytics privileges
ok 10 - editable user_metadata cannot grant analytics privileges
  ---
  duration_ms: 0.306
  type: 'test'
  ...
# Subtest: session history always filters by verified user ownership
ok 11 - session history always filters by verified user ownership
  ---
  duration_ms: 0.7167
  type: 'test'
  ...
# Subtest: cross-user telemetry is rejected without database writes
ok 12 - cross-user telemetry is rejected without database writes
  ---
  duration_ms: 0.9243
  type: 'test'
  ...
# Subtest: telemetry writes overwrite caller ownership with verified identity
ok 13 - telemetry writes overwrite caller ownership with verified identity
  ---
  duration_ms: 0.3068
  type: 'test'
  ...
# Subtest: oversized telemetry batches fail closed
ok 14 - oversized telemetry batches fail closed
  ---
  duration_ms: 0.1915
  type: 'test'
  ...
# Subtest: trusted app_metadata authorizes analytics and invalid dates fail closed
ok 15 - trusted app_metadata authorizes analytics and invalid dates fail closed
  ---
  duration_ms: 0.2065
  type: 'test'
  ...
1..15
# tests 15
# suites 0
# pass 14
# fail 0
# cancelled 0
# skipped 0
# todo 1
# duration_ms 93.6726

✅ All tests passed (Jest + Supabase contracts)
